============================= test session starts =============================
platform win32 -- Python 3.14.0, pytest-8.4.2, pluggy-1.6.0
rootdir: D:\kiwi
configfile: pyproject.toml
plugins: cov-7.0.0
collected 70 items

tests\auth\test_auth.py ....                                             [  5%]
tests\routes\test_portfolio_routes.py .......                            [ 15%]
tests\routes\test_security_routes.py ....                                [ 21%]
tests\routes\test_trade_routes.py ..                                     [ 24%]
tests\routes\test_user_routes.py .......                                 [ 34%]
tests\service\test_alpha_vantage_client.py ....                          [ 40%]
tests\service\test_portfolio_service.py ................                 [ 62%]
tests\service\test_security_service.py ...                               [ 67%]
tests\service\test_trade_service.py ......                               [ 75%]
tests\service\test_transaction_service.py ...                            [ 80%]
tests\service\test_user_service.py ..............                        [100%]

============================= 70 passed in 0.92s ==============================
